// Jest Snapshot v1, https://goo.gl/fbAQLP

exports[`Loading should render successfully 1`] = `
<body>
  <div>
    <div
      class="d-flex justify-content-center"
    >
      <div
        class="spinner-border"
        role="status"
      />
    </div>
  </div>
</body>
`;
